// Jest Snapshot v1, https://goo.gl/fbAQLP

exports[`Pruebas en <DayPage/> Debe de hacer match con el Snapshot 1`] = `
<div>
  <div
    class="toDoDate"
  >
    <h2>
      Thursday
    </h2>
    <h6>
      Dec
       
      14
      , 
      2023
    </h6>
  </div>
  <div
    class="ToDoContentListAdd"
  >
    <form>
      <input
        autocomplete="off"
        class=" toDoAdd__input"
        name="description"
        placeholder="Add your next task..."
        type="text"
        value=""
      />
      <button
        class="toDoAdd__button"
        type="submit"
      >
        Add
      </button>
    </form>
    <div
      class="toDoContentListAdd__div"
    >
      <ul
        class="toDoList"
      />
    </div>
  </div>
</div>
`;
