// Jest Snapshot v1, https://goo.gl/fbAQLP

exports[`Pruebas en <ToDoNav/> Debe de hacer match con el Snapshot 1`] = `
<div>
  <nav>
    <a
      class=""
      href="/ToDoApp/day"
    >
      Day
    </a>
    <a
      class=""
      href="/ToDoApp/week"
    >
      Week
    </a>
    <a
      class=""
      href="/ToDoApp/month"
    >
      Month
    </a>
    <a
      class=""
      href="/ToDoApp/year"
    >
      Year
    </a>
  </nav>
  ;
</div>
`;
